Jobs 854 | workers 24 | ants 20 iterations 150 | budget 30s
[Chart-10 run1] complete (complete) tests=6/6 fault=True line=1.0 333.45s
[Chart-6 run1] complete (complete) tests=8/8 fault=False line=0.3448 334.512s
[Chart-20 run1] complete (complete) tests=12/12 fault=False line=0.5455 338.166s
[Chart-23 run1] complete (complete) tests=14/14 fault=False line=0.2708 338.116s
[Chart-24 run1] complete (complete) tests=22/22 fault=True line=0.72 338.996s
[Chart-18 run1] complete (complete) tests=104/104 fault=True line=0.6053 339.284s
[Chart-11 run1] complete (complete) tests=20/20 fault=False line=0.4112 339.563s
[Chart-13 run1] complete (complete) tests=38/38 fault=False line=0.476 341.639s
[Chart-22 run1] complete (complete) tests=56/56 fault=True line=0.5645 342.008s
[Chart-9 run1] complete (complete) tests=151/151 fault=False line=0.6298 342.154s
[Chart-7 run1] complete (complete) tests=83/83 fault=False line=0.5912 342.479s
[Chart-5 run1] complete (complete) tests=105/105 fault=False line=0.6105 343.23s
[Chart-21 run1] complete (complete) tests=137/137 fault=False line=0.5714 344.821s
[Chart-8 run1] complete (complete) tests=103/103 fault=True line=0.8272 344.885s
[Chart-16 run1] complete (complete) tests=150/150 fault=True line=0.766 345.437s
[Chart-12 run1] complete (complete) tests=28/28 fault=False line=0.2789 345.223s
[Chart-17 run1] complete (complete) tests=154/154 fault=True line=0.6319 348.047s
[Chart-15 run1] complete (complete) tests=151/151 fault=True line=0.3876 350.159s
[Chart-3 run1] complete (complete) tests=153/153 fault=False line=0.5316 354.044s
[Chart-2 run1] complete (complete) tests=207/207 fault=False line=0.5343 355.045s
[Chart-19 run1] complete (complete) tests=187/187 fault=True line=0.5687 358.181s
[Chart-1 run1] complete (complete) tests=167/167 fault=False line=0.3746 362.978s
[Chart-4 run1] complete (complete) tests=252/252 fault=True line=0.4624 374.414s
[Chart-14 run1] complete (complete) tests=300/300 fault=True line=0.4515 375.162s
[Cli-5 run1] complete (complete) tests=13/13 fault=False line=0.9091 120.822s
[Cli-4 run1] complete (complete) tests=33/33 fault=False line=0.5354 121.291s
[Cli-2 run1] complete (complete) tests=12/12 fault=False line=0.6618 122.847s
[Cli-10 run1] complete (complete) tests=51/51 fault=False line=0.5377 121.248s
[Cli-1 run1] complete (complete) tests=33/33 fault=True line=0.9111 126.105s
[Cli-9 run1] complete (complete) tests=48/48 fault=False line=0.5333 121.78s
[Cli-12 run1] complete (complete) tests=8/8 fault=False line=0.88 122.98s
[Cli-3 run1] complete (complete) tests=29/29 fault=True line=0.6909 131.579s
[Cli-17 run1] complete (complete) tests=12/12 fault=False line=0.6716 121.541s
[Cli-18 run1] complete (complete) tests=12/12 fault=False line=0.6515 119.552s
[Cli-7 run1] complete (complete) tests=13/13 fault=False line=0.7794 133.441s
[Cli-19 run1] complete (complete) tests=12/12 fault=True line=0.6308 120.62s
[Cli-15 run1] complete (complete) tests=22/22 fault=False line=0.0968 133.427s
[Cli-20 run1] complete (complete) tests=12/12 fault=True line=0.6562 122.061s
[Cli-13 run1] complete (complete) tests=40/40 fault=False line=0.0466 134.672s
[Cli-14 run1] complete (complete) tests=89/89 fault=False line=0.4709 139.884s
[Cli-11 run1] complete (complete) tests=91/91 fault=False line=0.6717 147.936s
[Cli-16 run1] complete (complete) tests=154/154 fault=False line=0.4052 149.137s
[Cli-22 run1] complete (complete) tests=16/16 fault=True line=0.8596 127.354s
[Cli-21 run1] complete (complete) tests=112/112 fault=False line=0.3401 147.039s
[Chart-25 run1] complete (complete) tests=6/6 fault=False line=0.0862 213.901s
[Chart-26 run1] complete (complete) tests=153/153 fault=False line=0.4543 227.26s
[Cli-26 run1] complete (complete) tests=31/31 fault=True line=0.9836 131.059s
[Cli-8 run1] complete (complete) tests=88/88 fault=True line=0.6615 251.669s
[Cli-27 run1] complete (complete) tests=18/18 fault=False line=0.9412 130.124s
[Cli-29 run1] complete (complete) tests=14/14 fault=True line=0.9286 136.112s
[Cli-28 run1] complete (complete) tests=50/50 fault=False line=0.5743 141.477s
[Cli-24 run1] complete (complete) tests=103/103 fault=True line=0.6919 146.309s
[Cli-30 run1] complete (complete) tests=72/72 fault=True line=0.4618 146.685s
[Cli-35 run1] complete (complete) tests=38/38 fault=False line=0.7895 147.847s
[Cli-38 run1] complete (complete) tests=25/25 fault=False line=0.3874 149.702s
[Cli-25 run1] complete (complete) tests=101/101 fault=True line=0.6919 169.688s
[Cli-37 run1] complete (complete) tests=25/25 fault=False line=0.3957 150.865s
[Cli-36 run1] complete (complete) tests=57/57 fault=True line=0.8404 155.971s
[Cli-34 run1] complete (complete) tests=161/161 fault=True line=0.8778 162.062s
[Cli-39 run1] complete (complete) tests=40/40 fault=False line=0.7619 153.151s
[Cli-33 run1] complete (complete) tests=94/94 fault=True line=0.6766 170.143s
[Cli-31 run1] complete (complete) tests=182/182 fault=True line=0.7772 178.852s
[Cli-40 run1] complete (complete) tests=45/45 fault=True line=0.7778 165.668s
[Cli-23 run1] complete (complete) tests=88/88 fault=False line=0.6616 296.266s
[Cli-32 run1] complete (complete) tests=101/101 fault=True line=0.6847 209.552s
[Closure-1 run1] complete (complete) tests=4/4 fault=False line=0.0333 683.361s
[Closure-2 run1] complete (complete) tests=14/14 fault=False line=0.0915 695.198s
[Closure-3 run1] complete (complete) tests=9/9 fault=False line=0.0511 694.044s
[Closure-4 run1] complete (complete) tests=16/16 fault=False line=0.0682 706.505s
[Closure-5 run1] complete (complete) tests=4/4 fault=False line=0.0442 708.905s
[Closure-6 run1] complete (complete) tests=24/24 fault=False line=0.0848 745.642s
[Closure-7 run1] complete (complete) tests=10/10 fault=False line=0.0345 750.847s
[Closure-8 run1] complete (complete) tests=4/4 fault=False line=0.0714 760.398s
[Closure-9 run1] complete (complete) tests=31/31 fault=False line=0.3394 756.538s
[Closure-11 run1] complete (complete) tests=14/14 fault=False line=0.0887 753.978s
[Closure-12 run1] complete (complete) tests=8/8 fault=False line=0.0682 751.484s
[Closure-13 run1] complete (complete) tests=10/10 fault=False line=0.3256 748.404s
[Closure-10 run1] complete (complete) tests=235/235 fault=False line=0.3983 770.044s
[Closure-19 run1] complete (complete) tests=10/10 fault=False line=0.0351 739.524s
[Closure-15 run1] complete (complete) tests=9/9 fault=False line=0.0482 750.229s
[Closure-17 run1] complete (complete) tests=7/7 fault=False line=0.0284 749.072s
[Closure-16 run1] complete (complete) tests=8/8 fault=False line=0.2475 753.48s
[Closure-14 run1] complete (complete) tests=40/40 fault=False line=0.2088 756.523s
[Closure-20 run1] complete (complete) tests=26/26 fault=False line=0.0411 746.622s
[Closure-21 run1] complete (complete) tests=12/12 fault=False line=0.2716 741.232s
[Closure-22 run1] complete (complete) tests=12/12 fault=True line=0.2558 755.178s
[Closure-23 run1] complete (complete) tests=7/7 fault=False line=0.036 747.819s
[Closure-24 run1] complete (complete) tests=8/8 fault=False line=0.2717 742.594s
[Closure-18 run1] complete (complete) tests=191/192 fault=False line=0.5686 799.611s
[Closure-25 run1] complete (complete) tests=13/13 fault=False line=0.0164 714.523s
[Closure-26 run1] complete (complete) tests=26/26 fault=False line=0.2804 718.28s
[Closure-27 run1] complete (complete) tests=167/167 fault=False line=0.6631 719.442s
[Closure-29 run1] complete (complete) tests=4/4 fault=False line=0.046 679.572s
[Closure-28 run1] complete (complete) tests=11/11 fault=True line=0.8462 710.174s
[Closure-30 run1] complete (complete) tests=19/19 fault=True line=0.0544 717.54s
[Closure-32 run1] complete (complete) tests=19/19 fault=False line=0.1382 711.791s
[Closure-38 run1] complete (complete) tests=113/113 fault=False line=0.8214 695.337s
[Closure-37 run1] complete (complete) tests=69/69 fault=False line=0.2236 701.778s
[Closure-34 run1] complete (complete) tests=74/74 fault=False line=0.1495 717.839s
[Closure-42 run1] complete (complete) tests=9/9 fault=False line=0.1237 692.597s
[Closure-35 run1] complete (complete) tests=13/13 fault=False line=0.0159 714.329s
[Closure-31 run1] complete (complete) tests=185/185 fault=False line=0.5519 737.67s
[Closure-33 run1] complete (complete) tests=157/157 fault=False line=0.6157 724.632s
[Closure-36 run1] complete (complete) tests=7/7 fault=False line=0.0796 713.239s
[Closure-44 run1] complete (complete) tests=112/112 fault=False line=0.8349 697.555s
[Closure-41 run1] complete (complete) tests=15/15 fault=False line=0.1071 705.451s
[Closure-45 run1] complete (complete) tests=4/4 fault=False line=0.0339 681.843s
[Closure-40 run1] complete (complete) tests=8/8 fault=False line=0.1671 708.926s
[Closure-43 run1] complete (complete) tests=7/7 fault=False line=0.0297 713.731s
[Closure-39 run1] complete (complete) tests=156/156 fault=False line=0.6488 733.746s
[Closure-46 run1] complete (complete) tests=13/13 fault=False line=0.0917 704.821s
[Closure-47 run1] complete (complete) tests=32/32 fault=False line=0.1257 706.364s
[Closure-48 run1] complete (complete) tests=7/7 fault=False line=0.03 697.217s
[Closure-49 run1] complete (complete) tests=11/11 fault=False line=0.1244 655.608s
[Closure-50 run1] complete (complete) tests=6/6 fault=False line=0.013 659.425s
[Closure-51 run1] complete (complete) tests=112/112 fault=False line=0.8333 663.445s
[Closure-66 run1] complete (complete) tests=14/14 fault=False line=0.0882 509.11s
[Closure-67 run1] complete (complete) tests=11/11 fault=False line=0.2857 506.501s
[Closure-68 run1] complete (complete) tests=17/17 fault=False line=0.1294 509.072s
[Closure-65 run1] complete (complete) tests=91/91 fault=False line=0.2101 514.659s
[Closure-52 run1] complete (complete) tests=95/95 fault=False line=0.2067 652.989s
[Closure-53 run1] complete (complete) tests=4/4 fault=False line=0.0471 637.879s
[Closure-71 run1] complete (complete) tests=7/7 fault=False line=0.0899 478.549s
[Closure-73 run1] complete (complete) tests=89/89 fault=False line=0.2014 474.803s
[Closure-69 run1] complete (complete) tests=14/14 fault=False line=0.0889 508.135s
[Closure-72 run1] complete (complete) tests=12/12 fault=False line=0.1528 484.238s
[Closure-70 run1] complete (complete) tests=9/9 fault=False line=0.031 505.017s
[Closure-64 run1] complete (complete) tests=173/173 fault=False line=0.3632 540.622s
[Closure-58 run1] complete (complete) tests=9/9 fault=False line=0.0577 624.754s
[Closure-62 run1] complete (complete) tests=10/10 fault=False line=0.2297 624.206s
[Closure-56 run1] complete (complete) tests=131/131 fault=True line=0.9225 635.596s
[Closure-54 run1] complete (complete) tests=65/65 fault=False line=0.1042 654.888s
[Closure-55 run1] complete (complete) tests=6/6 fault=False line=0.2692 645.083s
[Closure-57 run1] complete (complete) tests=40/40 fault=False line=0.2662 641.552s
[Closure-60 run1] complete (complete) tests=241/241 fault=False line=0.4284 663.274s
[Closure-61 run1] complete (complete) tests=227/227 fault=False line=0.4303 669.592s
[Closure-59 run1] complete (complete) tests=173/173 fault=False line=0.3096 672.927s
[Closure-84 run1] complete (complete) tests=3/3 fault=False line=0.0978 364.92s
[Closure-74 run1] complete (complete) tests=6/6 fault=False line=0.03 425.117s
[Closure-87 run1] complete (complete) tests=9/9 fault=False line=0.0396 361.658s
[Closure-85 run1] complete (complete) tests=8/8 fault=False line=0.1667 368.878s
[Closure-88 run1] complete (complete) tests=9/9 fault=False line=0.0833 361.991s
[Closure-76 run1] complete (complete) tests=9/9 fault=False line=0.0733 402.291s
[Closure-86 run1] complete (complete) tests=214/214 fault=False line=0.4299 382.79s
[Closure-78 run1] complete (complete) tests=6/6 fault=False line=0.0314 401.149s
[Closure-77 run1] complete (complete) tests=79/79 fault=False line=0.1866 405.442s
[Closure-75 run1] complete (complete) tests=232/232 fault=False line=0.4239 430.631s
[Closure-79 run1] complete (complete) tests=20/20 fault=False line=0.1893 408.282s
[Closure-83 run1] complete (complete) tests=14/14 fault=False line=0.7026 407.431s
[Closure-81 run1] complete (complete) tests=3/3 fault=False line=0.092 409.351s
[Closure-95 run1] complete (complete) tests=6/6 fault=False line=0.0166 296.445s
[Closure-82 run1] complete (complete) tests=169/169 fault=True line=0.6577 411.897s
[Closure-91 run1] complete (complete) tests=9/9 fault=False line=0.2353 307.542s
[Closure-92 run1] complete (complete) tests=6/6 fault=False line=0.1027 305.873s
[Closure-90 run1] complete (complete) tests=70/70 fault=False line=0.1753 315.487s
[Closure-80 run1] complete (complete) tests=233/233 fault=False line=0.4262 420.737s
[Closure-97 run1] complete (complete) tests=6/6 fault=False line=0.0324 277.887s
[Closure-98 run1] complete (complete) tests=18/18 fault=False line=0.1726 287.103s
[Closure-94 run1] complete (complete) tests=194/194 fault=False line=0.4367 328.284s
[Closure-89 run1] complete (complete) tests=20/20 fault=False line=0.105 348.805s
[Closure-96 run1] complete (complete) tests=14/14 fault=False line=0.0953 311.173s
[Closure-99 run1] complete (complete) tests=9/9 fault=False line=0.2553 387.158s
[Closure-100 run1] complete (complete) tests=9/9 fault=False line=0.2857 399.387s
[Closure-102 run1] complete (complete) tests=11/11 fault=False line=0.0914 394.877s
[Closure-104 run1] complete (complete) tests=89/89 fault=False line=0.4479 401.071s
[Closure-103 run1] complete (complete) tests=29/29 fault=False line=0.1355 403.962s
[Closure-106 run1] complete (complete) tests=73/73 fault=False line=0.3408 407.364s
[Closure-101 run1] complete (complete) tests=22/22 fault=False line=0.7394 439.387s
[Closure-105 run1] complete (complete) tests=91/91 fault=False line=0.0695 443.093s
[Closure-111 run1] complete (complete) tests=3/3 fault=False line=0.3191 715.66s
[Closure-115 run1] complete (complete) tests=9/9 fault=False line=0.0579 718.242s
[Closure-114 run1] complete (complete) tests=7/7 fault=False line=0.0759 722.858s
[Closure-119 run1] complete (complete) tests=24/24 fault=False line=0.1069 702.618s
[Closure-118 run1] complete (complete) tests=9/9 fault=False line=0.0173 712.526s
[Closure-113 run1] complete (complete) tests=7/7 fault=False line=0.0866 726.964s
[Closure-108 run1] complete (complete) tests=6/6 fault=False line=0.1004 737.399s
[Closure-117 run1] complete (complete) tests=24/24 fault=False line=0.0836 721.561s
[Closure-116 run1] complete (complete) tests=9/9 fault=False line=0.0264 723.281s
[Closure-120 run1] complete (complete) tests=24/24 fault=False line=0.1754 706.55s
[Closure-109 run1] complete (complete) tests=21/21 fault=False line=0.1283 736.666s
[Closure-112 run1] complete (complete) tests=13/13 fault=False line=0.0084 734.192s
[Closure-107 run1] complete (complete) tests=14/14 fault=False line=0.6086 749.643s
[Closure-122 run1] complete (complete) tests=9/9 fault=False line=0.11 704.314s
[Closure-121 run1] complete (complete) tests=7/7 fault=False line=0.0774 710.839s
[Closure-110 run1] complete (complete) tests=275/275 fault=True line=0.5682 764.513s
[Closure-124 run1] complete (complete) tests=6/6 fault=False line=0.0375 645.379s
[Closure-123 run1] complete (complete) tests=72/72 fault=False line=0.1708 668.663s
[Closure-127 run1] complete (complete) tests=4/4 fault=False line=0.0976 651.914s
[Closure-129 run1] complete (complete) tests=10/10 fault=False line=0.2917 629.706s
[Closure-125 run1] complete (complete) tests=14/14 fault=False line=0.0844 675.028s
[Closure-126 run1] complete (complete) tests=12/12 fault=False line=0.1863 666.866s
[Closure-130 run1] complete (complete) tests=6/6 fault=False line=0.0701 620.552s
[Closure-128 run1] complete (complete) tests=74/74 fault=True line=0.1755 665.071s
[Closure-142 run1] complete (complete) tests=25/25 fault=False line=0.1242 341.813s
[Closure-138 run1] complete (complete) tests=21/21 fault=False line=0.0876 351.667s
[Closure-134 run1] complete (complete) tests=14/14 fault=False line=0.0556 354.016s
[Closure-136 run1] complete (complete) tests=12/12 fault=False line=0.1962 355.886s
[Closure-139 run1] complete (complete) tests=5/5 fault=False line=0.1066 359.239s
[Closure-135 run1] complete (complete) tests=64/64 fault=False line=0.066 363.179s
[Closure-145 run1] complete (complete) tests=78/78 fault=False line=0.2027 347.931s
[Closure-137 run1] complete (complete) tests=207/207 fault=False line=0.3344 374.542s
[Closure-144 run1] complete (complete) tests=95/95 fault=False line=0.1278 359.95s
[Closure-141 run1] complete (complete) tests=201/201 fault=False line=0.363 374.936s
[Closure-143 run1] complete (complete) tests=80/80 fault=False line=0.3884 374.605s
[Closure-140 run1] complete (complete) tests=159/159 fault=True line=0.3805 384.118s
[Closure-146 run1] complete (complete) tests=170/170 fault=False line=0.7053 363.666s
[Closure-131 run1] complete (complete) tests=41/41 fault=False line=0.5841 609.765s
[Closure-132 run1] complete (complete) tests=25/25 fault=False line=0.0436 621.494s
[Closure-133 run1] complete (complete) tests=22/22 fault=False line=0.1322 623.216s
[Closure-147 run1] complete (complete) tests=17/17 fault=False line=0.1934 360.014s
[Closure-148 run1] complete (complete) tests=16/16 fault=True line=0.0823 354.082s
[Closure-150 run1] complete (complete) tests=6/6 fault=False line=0.0167 357.737s
[Closure-151 run1] complete (complete) tests=15/15 fault=False line=0.7174 370.233s
[Closure-152 run1] complete (complete) tests=53/53 fault=False line=0.2365 367.537s
[Closure-149 run1] complete (complete) tests=190/190 fault=False line=0.4702 388.165s
[Closure-153 run1] complete (complete) tests=23/23 fault=False line=0.1995 393.825s
[Closure-154 run1] complete (complete) tests=37/37 fault=False line=0.0858 433.992s
[Closure-155 run1] complete (complete) tests=74/74 fault=False line=0.2039 430.27s
[Closure-156 run1] complete (complete) tests=7/7 fault=False line=0.0776 426.265s
[Closure-159 run1] complete (complete) tests=11/11 fault=False line=0.0169 425.965s
[Closure-157 run1] complete (complete) tests=94/94 fault=False line=0.1442 444.869s
[Closure-158 run1] complete (complete) tests=116/116 fault=True line=0.5045 451.803s
[Closure-160 run1] complete (complete) tests=175/175 fault=False line=0.3523 453.362s
[Codec-1 run1] complete (complete) tests=57/57 fault=False line=0.7344 191.926s
[Closure-161 run1] complete (complete) tests=7/7 fault=False line=0.0362 549.632s
[Closure-163 run1] complete (complete) tests=16/16 fault=False line=0.2562 553.267s
[Closure-162 run1] complete (complete) tests=66/66 fault=False line=0.4085 560.168s
[Closure-164 run1] complete (complete) tests=18/18 fault=False line=0.1236 565.434s
[Closure-166 run1] complete (complete) tests=159/159 fault=False line=0.6227 562.352s
[Closure-165 run1] complete (complete) tests=185/185 fault=False line=0.5675 567.336s
[Codec-2 run1] complete (complete) tests=123/123 fault=False line=0.8925 194.181s
[Codec-3 run1] complete (complete) tests=54/54 fault=False line=0.5695 185.376s
[Closure-167 run1] complete (complete) tests=183/183 fault=False line=0.3588 569.911s
[Codec-4 run1] complete (complete) tests=147/147 fault=False line=0.9784 197.135s
[Codec-6 run1] complete (complete) tests=24/24 fault=True line=1.0 184.864s
[Codec-5 run1] complete (complete) tests=149/149 fault=False line=0.9784 199.528s
[Codec-7 run1] complete (complete) tests=145/145 fault=True line=0.9657 198.697s
[Codec-8 run1] complete (complete) tests=152/152 fault=True line=0.9808 195.153s
[Codec-9 run1] complete (complete) tests=139/139 fault=True line=0.9636 173.15s
[Codec-10 run1] complete (complete) tests=16/16 fault=False line=1.0 161.638s
[Closure-168 run1] complete (complete) tests=7/7 fault=False line=0.0279 486.06s
[Closure-170 run1] complete (complete) tests=9/9 fault=False line=0.0559 472.326s
[Codec-12 run1] complete (complete) tests=13/13 fault=False line=0.5806 163.265s
[Codec-11 run1] complete (complete) tests=64/64 fault=True line=0.9506 169.669s
[Closure-169 run1] complete (complete) tests=248/248 fault=True line=0.289 496.499s
[Closure-172 run1] complete (complete) tests=7/7 fault=False line=0.0263 476.054s
[Codec-13 run1] complete (complete) tests=124/124 fault=True line=0.58 177.503s
[Codec-15 run1] complete (complete) tests=33/33 fault=False line=1.0 172.965s
[Closure-171 run1] complete (complete) tests=20/20 fault=False line=0.0188 489.604s
[Codec-16 run1] complete (complete) tests=48/48 fault=False line=0.4819 173.078s
[Closure-173 run1] complete (complete) tests=81/81 fault=False line=0.1472 470.813s
[Codec-14 run1] complete (complete) tests=96/99 fault=True line=0.869 185.275s
[Codec-18 run1] complete (complete) tests=84/84 fault=True line=1.0 178.58s
[Codec-17 run1] complete (complete) tests=85/85 fault=True line=1.0 182.329s
[Closure-175 run1] complete (complete) tests=9/9 fault=False line=0.0297 477.672s
[Closure-176 run1] complete (complete) tests=13/13 fault=False line=0.0082 479.243s
[Closure-174 run1] complete (complete) tests=247/247 fault=False line=0.3314 490.919s
[Collections-1 run1] complete (complete) tests=106/106 fault=False line=0.4134 226.635s
[Collections-2 run1] complete (complete) tests=162/162 fault=False line=0.6043 233.322s
[Collections-3 run1] complete (complete) tests=176/176 fault=True line=0.7872 234.026s
[Collections-4 run1] complete (complete) tests=85/85 fault=True line=0.7117 230.206s
[Collections-5 run1] complete (complete) tests=100/100 fault=True line=0.7927 225.698s
[Collections-8 run1] complete (complete) tests=25/25 fault=False line=0.4205 215.834s
[Collections-6 run1] complete (complete) tests=106/106 fault=False line=0.4101 223.456s
[Collections-7 run1] complete (complete) tests=164/164 fault=False line=0.5839 224.608s
[Collections-11 run1] complete (complete) tests=59/59 fault=False line=0.9143 212.962s
[Collections-10 run1] complete (complete) tests=86/86 fault=False line=0.6807 216.999s
[Collections-9 run1] complete (complete) tests=163/163 fault=False line=0.5214 226.878s
[Collections-12 run1] complete (complete) tests=162/162 fault=False line=0.5174 221.469s
[Collections-14 run1] complete (complete) tests=21/21 fault=False line=0.6667 212.214s
[Collections-13 run1] complete (complete) tests=173/173 fault=False line=0.5531 219.831s
[Collections-16 run1] complete (complete) tests=97/97 fault=False line=0.8023 212.951s
[Collections-15 run1] complete (complete) tests=98/98 fault=False line=0.8023 214.248s
[Collections-17 run1] complete (complete) tests=14/14 fault=True line=1.0 220.955s
[Collections-19 run1] complete (complete) tests=107/107 fault=False line=0.844 220.625s
[Collections-18 run1] complete (complete) tests=108/108 fault=False line=0.9247 226.987s
[Collections-20 run1] complete (complete) tests=76/76 fault=False line=0.7065 220.349s
[Collections-23 run1] complete (complete) tests=27/27 fault=False line=0.1176 197.89s
[Compress-1 run1] complete (complete) tests=27/27 fault=False line=0.628 130.381s
[Collections-21 run1] complete (complete) tests=105/105 fault=True line=0.844 221.286s
[Collections-24 run1] complete (complete) tests=3/3 fault=False line=0.3846 201.301s
[Collections-22 run1] complete (complete) tests=132/132 fault=False line=0.6462 213.834s
[Collections-25 run1] complete (complete) tests=170/170 fault=False line=0.8873 213.296s
[Collections-26 run1] complete (complete) tests=59/59 fault=False line=0.8649 203.505s
[Collections-27 run1] complete (complete) tests=95/95 fault=False line=0.6457 199.615s
[Compress-2 run1] complete (complete) tests=24/24 fault=False line=0.3836 131.593s
[Compress-3 run1] complete (complete) tests=55/55 fault=False line=0.4667 134.195s
[Collections-28 run1] complete (complete) tests=175/175 fault=False line=0.5565 206.637s
[Compress-5 run1] complete (complete) tests=35/35 fault=False line=0.3292 132.573s
[Compress-4 run1] complete (complete) tests=152/152 fault=True line=0.5081 145.841s
[Compress-6 run1] complete (complete) tests=152/152 fault=False line=0.6912 139.451s
[Compress-7 run1] complete (complete) tests=47/47 fault=False line=0.6825 135.59s
[Compress-8 run1] complete (complete) tests=49/49 fault=True line=0.7714 134.806s
[Compress-9 run1] complete (complete) tests=55/55 fault=False line=0.4727 146.416s
[Compress-11 run1] complete (complete) tests=25/25 fault=True line=0.8261 146.912s
[Compress-12 run1] complete (complete) tests=84/84 fault=False line=0.3538 147.547s
[Compress-10 run1] complete (complete) tests=54/54 fault=False line=0.0822 153.723s
[Compress-14 run1] complete (complete) tests=70/70 fault=True line=0.6535 147.732s
[Compress-13 run1] complete (complete) tests=159/159 fault=False line=0.61 162.311s
[Compress-16 run1] complete (complete) tests=25/25 fault=False line=0.8143 152.919s
[Compress-15 run1] complete (complete) tests=153/153 fault=False line=0.6059 162.219s
[Compress-17 run1] complete (complete) tests=83/83 fault=False line=0.5978 162.254s
[Compress-18 run1] complete (complete) tests=96/96 fault=False line=0.6931 163.965s
[Compress-19 run1] complete (complete) tests=52/52 fault=False line=0.4667 164.772s
[Compress-20 run1] complete (complete) tests=25/25 fault=False line=0.3411 166.117s
[Compress-21 run1] complete (complete) tests=10/10 fault=False line=0.0231 171.259s
[Compress-22 run1] complete (complete) tests=15/15 fault=False line=0.0418 173.384s
[Compress-24 run1] complete (complete) tests=86/86 fault=True line=0.6278 180.052s
[Compress-23 run1] complete (complete) tests=10/10 fault=False line=0.233 186.754s
[Compress-25 run1] complete (complete) tests=51/51 fault=False line=0.1721 183.746s
[Compress-26 run1] complete (complete) tests=28/28 fault=False line=0.9167 177.409s
[Compress-27 run1] complete (complete) tests=86/86 fault=False line=0.6461 186.409s
[Compress-28 run1] complete (complete) tests=109/109 fault=False line=0.3709 187.058s
[Compress-30 run1] complete (complete) tests=15/15 fault=False line=0.0408 178.865s
[Compress-31 run1] complete (complete) tests=87/87 fault=False line=0.6364 185.541s
[Compress-29 run1] complete (complete) tests=186/186 fault=False line=0.3201 201.382s
[Compress-32 run1] complete (complete) tests=120/120 fault=False line=0.4364 189.059s
[Compress-33 run1] complete (complete) tests=50/50 fault=False line=0.7604 176.491s
[Compress-36 run1] complete (complete) tests=13/13 fault=False line=0.0263 170.68s
[Compress-34 run1] complete (complete) tests=38/38 fault=True line=0.9714 175.039s
[Compress-35 run1] complete (complete) tests=87/87 fault=True line=0.6264 176.372s
[Compress-37 run1] complete (complete) tests=121/121 fault=False line=0.3797 178.419s
[Compress-40 run1] complete (complete) tests=9/9 fault=False line=0.9091 161.198s
[Compress-39 run1] complete (complete) tests=64/64 fault=False line=0.7258 166.956s
[Compress-38 run1] complete (complete) tests=155/155 fault=False line=0.4967 173.489s
[Compress-41 run1] complete (complete) tests=52/52 fault=False line=0.1748 168.088s
[Compress-42 run1] complete (complete) tests=159/159 fault=False line=0.5902 168.751s
[Compress-44 run1] complete (complete) tests=14/14 fault=True line=0.9412 164.667s
[Compress-43 run1] complete (complete) tests=80/80 fault=False line=0.2495 174.878s
[Compress-45 run1] complete (complete) tests=88/88 fault=True line=0.5614 165.514s
[Csv-1 run1] complete (complete) tests=21/21 fault=False line=0.8919 103.926s
[Csv-3 run1] complete (complete) tests=12/12 fault=False line=0.1053 102.82s
[Csv-2 run1] complete (complete) tests=59/59 fault=False line=1.0 109.594s
[Csv-4 run1] complete (complete) tests=52/52 fault=False line=0.05 110.225s
[Csv-5 run1] complete (complete) tests=26/26 fault=False line=0.0506 109.126s
[Compress-46 run1] complete (complete) tests=57/57 fault=False line=0.8067 154.087s
[Csv-6 run1] complete (complete) tests=73/73 fault=True line=0.8857 115.751s
[Csv-7 run1] complete (complete) tests=57/57 fault=False line=0.1881 116.944s
[Compress-47 run1] complete (complete) tests=52/52 fault=False line=0.1698 168.492s
[Csv-8 run1] complete (complete) tests=154/154 fault=False line=0.7095 129.358s
[Csv-10 run1] complete (complete) tests=26/26 fault=False line=0.05 124.868s
[Csv-9 run1] complete (complete) tests=74/74 fault=True line=0.8889 126.592s
[Csv-11 run1] complete (complete) tests=57/57 fault=False line=0.1698 126.559s
[Csv-12 run1] complete (complete) tests=157/157 fault=False line=0.7609 136.936s
[Csv-13 run1] complete (complete) tests=158/158 fault=False line=0.5117 139.189s
[Gson-8 run1] no_generated_tests (search_failed) tests=0/0 fault=None line=None 92.305s
[Csv-14 run1] complete (complete) tests=162/162 fault=False line=0.5955 150.415s
[Csv-16 run1] complete (complete) tests=87/87 fault=False line=0.2195 148.91s
[Csv-15 run1] complete (complete) tests=179/179 fault=False line=0.6297 156.753s
[Gson-1 run1] complete (complete) tests=2/2 fault=False line=0.0417 153.942s
[Gson-2 run1] complete (complete) tests=23/23 fault=False line=0.2152 165.692s
[Gson-3 run1] complete (complete) tests=18/18 fault=True line=0.4767 163.81s
[Gson-6 run1] complete (complete) tests=6/6 fault=False line=0.35 161.345s
[Gson-4 run1] complete (complete) tests=113/113 fault=True line=0.263 170.913s
[Gson-5 run1] complete (complete) tests=12/12 fault=False line=0.28 167.966s
[Gson-7 run1] complete (complete) tests=61/61 fault=False line=0.2193 169.05s
[Gson-9 run1] complete (complete) tests=99/99 fault=False line=0.3964 169.404s
[Gson-10 run1] complete (complete) tests=11/11 fault=False line=0.094 166.631s
[Gson-11 run1] complete (complete) tests=25/25 fault=False line=0.23 166.827s
[Gson-12 run1] complete (complete) tests=21/21 fault=False line=0.2798 167.263s
[Gson-13 run1] complete (complete) tests=57/57 fault=False line=0.2167 168.078s
[Gson-14 run1] complete (complete) tests=39/39 fault=False line=0.4321 160.209s
[Gson-15 run1] complete (complete) tests=60/60 fault=False line=0.7323 168.761s
[Gson-16 run1] complete (complete) tests=40/40 fault=False line=0.4355 166.109s
[Gson-18 run1] complete (complete) tests=37/37 fault=False line=0.4382 164.87s
[JacksonCore-1 run1] complete (complete) tests=129/129 fault=True line=0.6131 161.588s
[Gson-17 run1] complete (complete) tests=48/48 fault=False line=0.4545 171.63s
[JacksonCore-3 run1] complete (complete) tests=5/5 fault=False line=0.0039 161.059s
[JacksonCore-2 run1] complete (complete) tests=47/47 fault=False line=0.0049 165.825s
[JacksonCore-4 run1] complete (complete) tests=54/54 fault=False line=0.5534 154.796s
[JacksonCore-6 run1] complete (complete) tests=93/93 fault=False line=0.9048 155.449s
[JacksonCore-5 run1] complete (complete) tests=88/88 fault=False line=0.9048 157.287s
[JacksonCore-7 run1] complete (complete) tests=47/47 fault=True line=0.6429 162.746s
[JacksonCore-8 run1] complete (complete) tests=55/55 fault=False line=0.5498 165.474s
[JacksonCore-20 run1] no_generated_tests (no_callable_methods) tests=0/0 fault=None line=None 95.276s
[JacksonCore-10 run1] complete (complete) tests=49/49 fault=True line=0.3591 170.99s
[JacksonCore-13 run1] complete (complete) tests=10/10 fault=False line=0.2903 164.659s
[JacksonCore-9 run1] complete (complete) tests=61/61 fault=False line=0.0071 180.483s
[JacksonCore-11 run1] complete (complete) tests=54/54 fault=False line=0.3611 174.45s
[JacksonCore-12 run1] complete (complete) tests=52/52 fault=False line=0.0031 177.12s
[JacksonCore-14 run1] complete (complete) tests=47/47 fault=True line=0.8235 170.674s
[JacksonCore-15 run1] complete (complete) tests=62/62 fault=False line=0.1769 169.251s
[JacksonCore-16 run1] complete (complete) tests=20/20 fault=True line=0.5152 167.273s
[JacksonCore-17 run1] complete (complete) tests=45/45 fault=False line=0.0161 174.43s
[JacksonCore-18 run1] complete (complete) tests=89/89 fault=False line=0.0151 179.01s
[JacksonCore-19 run1] complete (complete) tests=51/51 fault=False line=0.0028 184.334s
[JacksonCore-21 run1] complete (complete) tests=65/65 fault=False line=0.1844 198.177s
[JacksonCore-22 run1] complete (complete) tests=65/65 fault=False line=0.1864 196.814s
[JacksonCore-23 run1] complete (complete) tests=49/49 fault=False line=0.717 197.918s
[JacksonCore-24 run1] complete (complete) tests=21/21 fault=False line=0.0395 196.816s
[JacksonCore-25 run1] complete (complete) tests=51/51 fault=False line=0.0035 205.782s
[JacksonCore-26 run1] complete (complete) tests=35/35 fault=False line=0.0081 199.844s
[JacksonDatabind-1 run1] complete (complete) tests=38/38 fault=False line=0.0256 291.422s
[JacksonDatabind-2 run1] complete (complete) tests=150/150 fault=True line=0.4115 309.745s
[JacksonDatabind-4 run1] complete (complete) tests=7/7 fault=False line=0.1935 290.577s
[JacksonDatabind-3 run1] complete (complete) tests=7/7 fault=False line=0.1935 292.814s
[JacksonDatabind-5 run1] complete (complete) tests=155/155 fault=False line=0.6603 308.341s
[JacksonDatabind-6 run1] complete (complete) tests=73/73 fault=False line=0.9195 305.886s
[JacksonDatabind-7 run1] complete (complete) tests=152/152 fault=False line=0.4151 314.472s
[JacksonDatabind-12 run1] complete (complete) tests=21/21 fault=False line=0.0344 293.848s
[JacksonDatabind-9 run1] complete (complete) tests=4/4 fault=False line=0.6 305.0s
[JacksonDatabind-8 run1] complete (complete) tests=75/75 fault=False line=0.5603 312.54s
[JacksonDatabind-11 run1] complete (complete) tests=152/152 fault=False line=0.6375 305.368s
[JacksonDatabind-10 run1] complete (complete) tests=41/41 fault=True line=0.1309 309.043s
[JacksonDatabind-13 run1] complete (complete) tests=29/29 fault=False line=0.1061 301.051s
[JacksonDatabind-24 run1] no_generated_tests (no_callable_methods) tests=0/0 fault=None line=None 194.466s
[JacksonDatabind-14 run1] complete (complete) tests=111/111 fault=False line=0.0576 311.438s
[JacksonDatabind-16 run1] complete (complete) tests=11/11 fault=False line=0.4571 300.69s
[JacksonDatabind-15 run1] complete (complete) tests=110/110 fault=False line=0.135 318.725s
[JacksonDatabind-18 run1] complete (complete) tests=29/29 fault=False line=0.5 318.224s
[JacksonDatabind-17 run1] complete (complete) tests=206/207 fault=False line=0.6677 335.375s
[JacksonDatabind-23 run1] complete (complete) tests=3/3 fault=False line=0.4384 287.059s
[JacksonDatabind-19 run1] complete (complete) tests=156/156 fault=False line=0.5937 311.898s
[JacksonDatabind-20 run1] complete (complete) tests=150/150 fault=False line=0.672 311.855s
[JacksonDatabind-21 run1] complete (complete) tests=175/175 fault=False line=0.5495 311.806s
[JacksonDatabind-22 run1] complete (complete) tests=103/103 fault=True line=0.163 317.385s
[JacksonDatabind-28 run1] complete (complete) tests=5/5 fault=False line=0.2581 298.164s
[JacksonDatabind-26 run1] complete (complete) tests=95/95 fault=False line=0.5019 311.742s
[JacksonDatabind-25 run1] complete (complete) tests=147/147 fault=False line=0.1616 330.962s
[JacksonDatabind-27 run1] complete (complete) tests=26/26 fault=False line=0.0153 311.394s
[JacksonDatabind-29 run1] complete (complete) tests=31/31 fault=False line=0.2553 308.638s
[JacksonDatabind-31 run1] complete (complete) tests=154/154 fault=False line=0.4137 326.852s
[JacksonDatabind-32 run1] complete (complete) tests=19/19 fault=False line=0.1107 314.609s
[JacksonDatabind-34 run1] complete (complete) tests=9/9 fault=False line=0.6897 315.91s
[JacksonDatabind-35 run1] complete (complete) tests=14/14 fault=False line=0.2353 311.858s
[JacksonDatabind-30 run1] complete (complete) tests=285/285 fault=False line=0.5473 355.435s
[JacksonDatabind-36 run1] complete (complete) tests=92/92 fault=False line=0.8964 319.065s
[JacksonDatabind-33 run1] complete (complete) tests=176/176 fault=False line=0.5217 326.517s
[JacksonDatabind-37 run1] complete (complete) tests=105/105 fault=False line=0.7313 321.875s
[JacksonDatabind-38 run1] complete (complete) tests=140/140 fault=False line=0.4836 316.211s
[JacksonDatabind-40 run1] complete (complete) tests=4/4 fault=False line=0.0868 306.853s
[JacksonDatabind-39 run1] complete (complete) tests=3/3 fault=False line=0.5714 318.436s
[JacksonDatabind-41 run1] complete (complete) tests=166/166 fault=True line=0.7345 337.313s
[JacksonDatabind-42 run1] complete (complete) tests=15/15 fault=False line=0.2909 310.708s
[JacksonDatabind-43 run1] complete (complete) tests=12/12 fault=False line=0.1875 329.413s
[JacksonDatabind-46 run1] complete (complete) tests=19/19 fault=False line=0.0385 305.77s
[JacksonDatabind-45 run1] complete (complete) tests=45/45 fault=False line=0.525 314.653s
[JacksonDatabind-44 run1] complete (complete) tests=104/104 fault=False line=0.76 318.594s
[JacksonDatabind-47 run1] complete (complete) tests=156/156 fault=False line=0.4693 323.985s
[JacksonDatabind-48 run1] complete (complete) tests=213/213 fault=False line=0.7417 326.181s
[JacksonDatabind-49 run1] complete (complete) tests=4/4 fault=False line=0.4286 315.821s
[JacksonDatabind-51 run1] complete (complete) tests=38/38 fault=False line=0.5676 332.433s
[JacksonDatabind-50 run1] complete (complete) tests=32/32 fault=False line=0.0146 339.396s
[JacksonDatabind-52 run1] complete (complete) tests=80/80 fault=False line=0.0515 345.905s
[JacksonDatabind-53 run1] complete (complete) tests=178/178 fault=False line=0.7248 340.423s
[JacksonDatabind-55 run1] complete (complete) tests=12/12 fault=False line=0.3607 318.801s
[JacksonDatabind-54 run1] complete (complete) tests=8/8 fault=False line=0.0619 326.773s
[JacksonDatabind-56 run1] complete (complete) tests=15/15 fault=False line=0.2946 324.082s
[JacksonDatabind-62 run1] complete (complete) tests=22/22 fault=False line=0.2824 322.528s
[JacksonDatabind-60 run1] complete (complete) tests=12/12 fault=False line=0.0182 328.326s
[JacksonDatabind-58 run1] complete (complete) tests=30/30 fault=False line=0.1184 332.207s
[JacksonDatabind-57 run1] complete (complete) tests=123/123 fault=False line=0.0735 340.517s
[JacksonDatabind-59 run1] complete (complete) tests=179/179 fault=False line=0.5687 346.377s
[JacksonDatabind-63 run1] complete (complete) tests=66/66 fault=False line=0.5935 328.361s
[JacksonDatabind-64 run1] complete (complete) tests=8/8 fault=False line=0.0561 335.719s
[JacksonDatabind-61 run1] complete (complete) tests=247/247 fault=False line=0.6798 359.342s
[JacksonDatabind-66 run1] complete (complete) tests=51/51 fault=False line=0.5192 348.611s
[JacksonDatabind-71 run1] complete (complete) tests=49/49 fault=False line=0.4966 317.001s
[JacksonDatabind-67 run1] complete (complete) tests=94/94 fault=False line=0.116 354.996s
[JacksonDatabind-68 run1] complete (complete) tests=53/53 fault=False line=0.0101 338.413s
[JacksonDatabind-69 run1] complete (complete) tests=22/22 fault=False line=0.0551 337.096s
[JacksonDatabind-70 run1] complete (complete) tests=87/87 fault=False line=0.385 339.642s
[JacksonDatabind-72 run1] complete (complete) tests=17/17 fault=False line=0.0851 329.668s
[JacksonDatabind-73 run1] complete (complete) tests=151/151 fault=True line=0.2349 343.174s
[JacksonDatabind-74 run1] complete (complete) tests=16/16 fault=False line=0.2167 331.193s
[JacksonDatabind-75 run1] complete (complete) tests=32/32 fault=True line=0.2029 339.495s
[JacksonDatabind-76 run1] complete (complete) tests=29/29 fault=False line=0.0219 341.162s
[JacksonDatabind-77 run1] complete (complete) tests=31/31 fault=False line=0.1204 339.637s
[JacksonDatabind-78 run1] complete (complete) tests=34/34 fault=False line=0.1331 356.817s
[JacksonDatabind-79 run1] complete (complete) tests=185/185 fault=False line=0.3124 350.825s
[JacksonDatabind-80 run1] complete (complete) tests=24/24 fault=False line=0.2097 357.151s
[JacksonDatabind-84 run1] complete (complete) tests=37/37 fault=False line=0.8333 343.166s
[JacksonDatabind-83 run1] complete (complete) tests=16/16 fault=False line=0.3033 344.632s
[JacksonDatabind-81 run1] complete (complete) tests=168/168 fault=False line=0.3947 362.124s
[JacksonDatabind-82 run1] complete (complete) tests=34/34 fault=False line=0.1606 351.923s
[JacksonDatabind-85 run1] complete (complete) tests=46/46 fault=False line=0.4651 351.121s
[JacksonDatabind-86 run1] complete (complete) tests=37/37 fault=False line=0.8667 337.746s
[JacksonDatabind-88 run1] complete (complete) tests=22/22 fault=False line=0.375 333.282s
[JacksonDatabind-87 run1] complete (complete) tests=100/101 fault=True line=0.8168 344.462s
[JacksonDatabind-90 run1] complete (complete) tests=152/152 fault=False line=0.6667 352.002s
[JacksonDatabind-94 run1] complete (complete) tests=4/4 fault=False line=0.6286 324.067s
[JacksonDatabind-91 run1] complete (complete) tests=23/23 fault=False line=0.1463 345.571s
[JacksonDatabind-93 run1] complete (complete) tests=4/4 fault=False line=0.6667 339.079s
[JacksonDatabind-92 run1] complete (complete) tests=32/32 fault=False line=0.1516 345.468s
[JacksonDatabind-95 run1] complete (complete) tests=164/164 fault=False line=0.6536 366.081s
[JacksonDatabind-97 run1] complete (complete) tests=82/82 fault=False line=0.8537 358.509s
[JacksonDatabind-96 run1] complete (complete) tests=100/100 fault=False line=0.1012 369.385s
[JacksonDatabind-98 run1] complete (complete) tests=32/32 fault=False line=0.2174 340.128s
[JacksonDatabind-99 run1] complete (complete) tests=46/46 fault=False line=0.0857 325.883s
[JacksonXml-1 run1] complete (complete) tests=46/46 fault=False line=0.034 193.316s
[JacksonXml-2 run1] complete (complete) tests=18/18 fault=False line=0.0235 177.542s
[JacksonDatabind-100 run1] complete (complete) tests=34/34 fault=False line=0.0325 316.011s
[JacksonDatabind-102 run1] complete (complete) tests=40/40 fault=True line=0.3239 307.581s
[JacksonXml-4 run1] complete (complete) tests=23/23 fault=True line=0.2017 163.694s
[JacksonXml-3 run1] complete (complete) tests=46/46 fault=False line=0.0339 170.596s
[JacksonDatabind-101 run1] complete (complete) tests=33/33 fault=False line=0.013 321.76s
[JacksonXml-5 run1] complete (complete) tests=26/26 fault=False line=0.2917 165.63s
[Jsoup-4 run1] validation_failed (coverage_failed) tests=17/17 fault=False line=None 118.358s
[Jsoup-1 run1] complete (complete) tests=37/37 fault=False line=0.8261 129.045s
[JacksonXml-6 run1] complete (complete) tests=62/62 fault=False line=0.0351 167.479s
[Jsoup-2 run1] complete (complete) tests=16/16 fault=False line=0.7654 130.36s
[Jsoup-3 run1] complete (complete) tests=152/152 fault=False line=0.4907 140.084s
[JacksonDatabind-104 run1] complete (complete) tests=140/140 fault=False line=0.8015 306.884s
[JacksonDatabind-105 run1] complete (complete) tests=2/2 fault=False line=0.4211 310.712s
[JacksonDatabind-110 run1] complete (complete) tests=3/3 fault=False line=0.2414 294.243s
[JacksonDatabind-103 run1] complete (complete) tests=300/300 fault=False line=0.1849 332.935s
[JacksonDatabind-106 run1] complete (complete) tests=34/34 fault=False line=0.0331 308.803s
[JacksonDatabind-112 run1] complete (complete) tests=14/14 fault=False line=0.25 292.427s
[JacksonDatabind-107 run1] complete (complete) tests=46/46 fault=False line=0.5325 310.404s
[JacksonDatabind-108 run1] complete (complete) tests=128/128 fault=False line=0.067 305.446s
[Jsoup-6 run1] validation_failed (coverage_failed) tests=17/17 fault=False line=None 99.99s
[JacksonDatabind-111 run1] complete (complete) tests=109/109 fault=True line=0.1217 300.4s
[JacksonDatabind-109 run1] complete (complete) tests=13/13 fault=False line=0.5914 307.128s
[Jsoup-5 run1] complete (complete) tests=21/21 fault=False line=0.7558 115.976s
[Jsoup-7 run1] complete (complete) tests=39/39 fault=False line=0.7375 118.001s
[Jsoup-9 run1] validation_failed (coverage_failed) tests=17/17 fault=False line=None 109.386s
[Jsoup-8 run1] complete (complete) tests=134/134 fault=True line=0.6403 129.385s
[Jsoup-12 run1] complete (complete) tests=12/12 fault=False line=0.0688 120.51s
[Jsoup-11 run1] complete (complete) tests=7/7 fault=False line=0.0606 121.488s
[Jsoup-10 run1] complete (complete) tests=153/153 fault=False line=0.6558 128.751s
[Jsoup-14 run1] complete (complete) tests=66/66 fault=False line=0.2011 125.858s
[Jsoup-16 run1] complete (complete) tests=20/20 fault=True line=1.0 121.268s
[Jsoup-13 run1] complete (complete) tests=153/153 fault=False line=0.5876 130.499s
[Jsoup-15 run1] complete (complete) tests=84/84 fault=False line=0.2169 129.12s
[Jsoup-17 run1] complete (complete) tests=84/84 fault=False line=0.2169 127.482s
[Jsoup-18 run1] complete (complete) tests=151/151 fault=True line=0.9897 131.213s
[Jsoup-19 run1] complete (complete) tests=31/31 fault=False line=0.8912 129.735s
[Jsoup-21 run1] complete (complete) tests=20/20 fault=False line=0.7143 123.904s
[Jsoup-26 run1] complete (complete) tests=4/4 fault=False line=0.0816 122.387s
[Jsoup-20 run1] complete (complete) tests=25/25 fault=True line=0.75 130.087s
[Jsoup-25 run1] complete (complete) tests=81/81 fault=False line=0.8778 125.278s
[Jsoup-27 run1] complete (complete) tests=24/24 fault=False line=0.7083 127.043s
[Jsoup-29 run1] complete (complete) tests=52/52 fault=False line=0.7521 126.568s
[Jsoup-23 run1] complete (complete) tests=158/158 fault=False line=0.6452 131.782s
[Jsoup-24 run1] complete (complete) tests=48/48 fault=False line=0.2151 130.846s
[Jsoup-28 run1] complete (complete) tests=85/85 fault=True line=0.7511 130.152s
[Jsoup-22 run1] complete (complete) tests=229/229 fault=True line=0.4528 136.921s
[Jsoup-30 run1] complete (complete) tests=4/4 fault=False line=0.08 120.628s
[Jsoup-31 run1] complete (complete) tests=119/119 fault=False line=0.2373 139.103s
[Jsoup-32 run1] complete (complete) tests=92/92 fault=False line=0.0726 133.736s
[Jsoup-33 run1] complete (complete) tests=106/106 fault=False line=0.4148 137.694s
[Jsoup-34 run1] complete (complete) tests=161/161 fault=True line=0.9926 134.457s
[Jsoup-35 run1] complete (complete) tests=69/69 fault=False line=0.1865 137.607s
[Jsoup-37 run1] complete (complete) tests=95/95 fault=False line=0.0912 133.03s
[Jsoup-36 run1] complete (complete) tests=29/29 fault=False line=0.7167 134.579s
[Jsoup-39 run1] complete (complete) tests=30/30 fault=False line=0.6133 131.035s
[Jsoup-40 run1] complete (complete) tests=20/20 fault=True line=1.0 129.718s
[Jsoup-38 run1] complete (complete) tests=69/69 fault=False line=0.1832 135.534s
[Jsoup-41 run1] complete (complete) tests=96/96 fault=False line=0.089 140.966s
[Jsoup-42 run1] complete (complete) tests=10/10 fault=False line=0.075 134.313s
[Jsoup-43 run1] complete (complete) tests=96/96 fault=False line=0.0915 143.792s
[Jsoup-44 run1] complete (complete) tests=30/30 fault=False line=1.0 139.928s
[Jsoup-46 run1] complete (complete) tests=36/36 fault=False line=0.839 137.218s
[Jsoup-48 run1] complete (complete) tests=6/6 fault=False line=0.0874 134.311s
[Jsoup-47 run1] complete (complete) tests=35/35 fault=False line=0.839 137.87s
[Jsoup-45 run1] complete (complete) tests=103/103 fault=False line=0.4521 144.91s
[Jsoup-50 run1] complete (complete) tests=37/37 fault=True line=0.5889 139.207s
[Jsoup-49 run1] complete (complete) tests=155/155 fault=True line=0.684 144.167s
[Jsoup-51 run1] complete (complete) tests=171/171 fault=False line=0.9641 148.752s
[Jsoup-52 run1] complete (complete) tests=87/87 fault=True line=0.5538 148.342s
[Jsoup-54 run1] complete (complete) tests=8/8 fault=False line=0.6479 145.149s
[Jsoup-53 run1] complete (complete) tests=156/156 fault=False line=0.9385 152.611s
[Jsoup-55 run1] complete (complete) tests=47/47 fault=False line=0.2369 153.429s
[Jsoup-57 run1] complete (complete) tests=38/38 fault=False line=0.5669 149.989s
[Jsoup-56 run1] complete (complete) tests=143/143 fault=False line=0.188 163.928s
[Jsoup-58 run1] complete (complete) tests=121/121 fault=False line=0.8976 155.874s
[Jsoup-59 run1] complete (complete) tests=53/53 fault=False line=0.375 152.368s
[Jsoup-64 run1] complete (complete) tests=52/52 fault=False line=0.1627 152.631s
[Jsoup-62 run1] complete (complete) tests=56/56 fault=False line=0.165 154.754s
[Jsoup-60 run1] complete (complete) tests=167/167 fault=True line=0.7671 160.558s
[Jsoup-61 run1] complete (complete) tests=179/179 fault=False line=0.6761 160.491s
[Jsoup-63 run1] complete (complete) tests=162/162 fault=True line=0.5396 166.259s
[Jsoup-65 run1] complete (complete) tests=151/151 fault=False line=0.2836 167.229s
[Jsoup-66 run1] complete (complete) tests=187/187 fault=False line=0.7179 171.531s
[Jsoup-69 run1] complete (complete) tests=9/9 fault=False line=0.0769 153.81s
[Jsoup-67 run1] complete (complete) tests=130/130 fault=False line=0.5459 162.126s
[Jsoup-68 run1] complete (complete) tests=133/133 fault=False line=0.6204 164.544s
[Jsoup-71 run1] complete (complete) tests=37/37 fault=False line=0.4209 159.818s
[Jsoup-74 run1] complete (complete) tests=59/59 fault=False line=0.9277 154.938s
[Jsoup-70 run1] complete (complete) tests=191/191 fault=False line=0.7208 166.639s
[Jsoup-73 run1] complete (complete) tests=9/9 fault=False line=0.6338 161.816s
[Jsoup-72 run1] complete (complete) tests=181/181 fault=True line=0.9561 165.857s
[Jsoup-75 run1] complete (complete) tests=55/55 fault=False line=0.6726 160.452s
[Jsoup-77 run1] complete (complete) tests=31/31 fault=False line=0.7536 160.009s
[Jsoup-76 run1] complete (complete) tests=57/57 fault=False line=0.1638 163.961s
[Jsoup-78 run1] complete (complete) tests=33/33 fault=False line=0.6147 159.79s
[Jsoup-79 run1] complete (complete) tests=61/61 fault=True line=1.0 161.471s
[Jsoup-81 run1] complete (complete) tests=32/32 fault=False line=0.6239 158.019s
[Jsoup-80 run1] complete (complete) tests=31/31 fault=False line=0.7536 160.137s
[Jsoup-82 run1] complete (complete) tests=33/33 fault=False line=0.6195 160.626s
[Jsoup-84 run1] complete (complete) tests=9/9 fault=False line=0.6579 158.297s
[Jsoup-85 run1] complete (complete) tests=90/90 fault=True line=0.7385 158.56s
[Jsoup-83 run1] complete (complete) tests=179/179 fault=True line=0.2814 165.605s
[Jsoup-86 run1] complete (complete) tests=45/45 fault=True line=1.0 158.738s
[Jsoup-88 run1] complete (complete) tests=89/89 fault=True line=0.7424 162.523s
[Jsoup-87 run1] complete (complete) tests=223/223 fault=False line=0.3514 174.421s
[Jsoup-89 run1] complete (complete) tests=92/92 fault=True line=0.7424 157.813s
[Jsoup-90 run1] complete (complete) tests=89/89 fault=True line=0.3826 164.354s
[Jsoup-93 run1] complete (complete) tests=10/10 fault=False line=0.0714 151.117s
[Jsoup-91 run1] complete (complete) tests=171/171 fault=False line=0.9438 160.799s
[JxPath-2 run1] complete (complete) tests=31/31 fault=False line=0.4737 148.135s
[JxPath-3 run1] complete (complete) tests=31/31 fault=False line=0.4416 147.461s
[JxPath-1 run1] complete (complete) tests=157/157 fault=False line=0.2975 158.319s
[Jsoup-92 run1] complete (complete) tests=186/186 fault=False line=0.6083 165.875s
[JxPath-6 run1] complete (complete) tests=27/27 fault=False line=0.7551 144.877s
[JxPath-5 run1] complete (complete) tests=156/156 fault=False line=0.648 152.47s
[JxPath-4 run1] complete (complete) tests=157/157 fault=False line=0.2947 154.682s
[JxPath-7 run1] complete (complete) tests=36/36 fault=True line=0.7143 145.723s
[JxPath-8 run1] complete (complete) tests=14/14 fault=False line=0.1282 145.336s
[JxPath-9 run1] complete (complete) tests=45/45 fault=True line=0.7778 147.67s
[JxPath-10 run1] complete (complete) tests=14/14 fault=False line=0.1163 147.61s
[JxPath-11 run1] complete (complete) tests=14/14 fault=False line=0.1091 150.201s
[JxPath-12 run1] complete (complete) tests=120/120 fault=False line=0.2992 161.562s
[JxPath-15 run1] complete (complete) tests=9/9 fault=False line=0.6667 159.774s
[JxPath-17 run1] complete (complete) tests=15/15 fault=False line=0.1062 166.718s
[JxPath-13 run1] complete (complete) tests=127/127 fault=True line=0.3237 178.218s
[JxPath-14 run1] complete (complete) tests=171/171 fault=False line=0.3493 182.207s
[JxPath-18 run1] complete (complete) tests=7/7 fault=False line=0.6897 166.669s
[JxPath-16 run1] complete (complete) tests=158/158 fault=True line=0.3155 183.738s
[JxPath-19 run1] complete (complete) tests=159/159 fault=False line=0.283 196.586s
[JxPath-20 run1] complete (complete) tests=14/14 fault=False line=0.1163 190.013s
[JxPath-21 run1] complete (complete) tests=44/44 fault=False line=0.5143 194.847s
[JxPath-22 run1] complete (complete) tests=120/120 fault=False line=0.2655 203.053s
[Lang-4 run1] complete (complete) tests=11/11 fault=False line=0.8 238.539s
[Lang-6 run1] complete (complete) tests=26/26 fault=False line=0.9333 234.201s
[Lang-5 run1] complete (complete) tests=29/29 fault=False line=0.7927 241.844s
[Lang-1 run1] complete (complete) tests=207/207 fault=False line=0.8933 249.787s
[Lang-3 run1] complete (complete) tests=201/201 fault=False line=0.8901 251.294s
[Lang-8 run1] complete (complete) tests=110/110 fault=False line=0.4955 242.876s
[Lang-10 run1] complete (complete) tests=77/77 fault=True line=0.638 242.068s
[Lang-9 run1] complete (complete) tests=75/75 fault=True line=0.6154 244.704s
[Lang-7 run1] complete (complete) tests=198/198 fault=True line=0.8974 248.137s
[Lang-12 run1] complete (complete) tests=28/28 fault=True line=0.6538 240.096s
[Lang-11 run1] complete (complete) tests=22/23 fault=True line=0.6071 255.219s
[Lang-13 run1] complete (complete) tests=19/19 fault=False line=0.6875 223.992s
[Lang-15 run1] complete (complete) tests=19/19 fault=False line=0.1505 240.415s
[Lang-17 run1] complete (complete) tests=26/26 fault=False line=0.9394 236.063s
[Lang-19 run1] complete (complete) tests=6/6 fault=False line=0.1481 235.529s
[Lang-14 run1] complete (complete) tests=300/300 fault=False line=0.7144 281.776s
[Lang-22 run1] complete (complete) tests=173/173 fault=True line=0.9568 245.907s
[Lang-16 run1] complete (complete) tests=202/202 fault=False line=0.9013 271.628s
[Lang-21 run1] complete (complete) tests=179/179 fault=False line=0.8401 256.761s
[Lang-23 run1] complete (complete) tests=38/38 fault=False line=0.4192 239.144s
[Lang-20 run1] complete (complete) tests=300/300 fault=False line=0.7589 279.4s
[Lang-24 run1] complete (complete) tests=202/202 fault=False line=0.9016 252.825s
[Lang-26 run1] complete (complete) tests=161/161 fault=False line=0.7871 262.047s
[Lang-27 run1] complete (complete) tests=200/200 fault=False line=0.9011 260.792s
[Lang-28 run1] complete (complete) tests=6/6 fault=False line=0.15 250.652s
[Lang-29 run1] complete (complete) tests=38/38 fault=True line=0.9433 250.089s
[Lang-34 run1] complete (complete) tests=222/222 fault=True line=0.8835 263.343s
[Lang-32 run1] complete (complete) tests=153/153 fault=True line=0.9384 265.296s
[Lang-33 run1] complete (complete) tests=154/154 fault=True line=0.8042 265.227s
[Lang-36 run1] complete (complete) tests=195/195 fault=False line=0.9 264.612s
[Lang-37 run1] complete (complete) tests=300/300 fault=False line=0.7876 269.543s
[Lang-35 run1] complete (complete) tests=300/300 fault=True line=0.8174 275.038s
[Lang-38 run1] complete (complete) tests=162/162 fault=False line=0.7823 264.818s
[Lang-30 run1] complete (complete) tests=300/300 fault=True line=0.7511 287.4s
[Lang-31 run1] complete (complete) tests=300/300 fault=False line=0.7623 289.873s
[Lang-39 run1] complete (complete) tests=300/300 fault=False line=0.7291 278.601s
[Lang-41 run1] complete (complete) tests=148/148 fault=True line=0.7839 248.941s
[Lang-42 run1] complete (complete) tests=33/33 fault=False line=0.43 255.634s
[Lang-40 run1] complete (complete) tests=300/300 fault=False line=0.7655 280.01s
[Lang-44 run1] complete (complete) tests=101/101 fault=False line=0.8316 241.745s
[Lang-45 run1] complete (complete) tests=75/75 fault=True line=0.942 241.521s
[Lang-46 run1] complete (complete) tests=95/95 fault=False line=0.7014 241.892s
[Lang-43 run1] complete (complete) tests=40/40 fault=False line=0.3795 272.836s
[Lang-47 run1] complete (complete) tests=279/279 fault=True line=0.8319 265.993s
[Lang-49 run1] complete (complete) tests=165/165 fault=False line=0.9058 265.029s
[Lang-50 run1] complete (complete) tests=166/166 fault=False line=0.788 264.764s
[Lang-51 run1] complete (complete) tests=115/115 fault=False line=0.7836 255.219s
[Lang-52 run1] complete (complete) tests=77/77 fault=False line=0.6914 258.556s
[Lang-54 run1] complete (complete) tests=31/31 fault=False line=0.8354 262.754s
[Lang-53 run1] complete (complete) tests=126/126 fault=False line=0.8387 264.021s
[Lang-55 run1] complete (complete) tests=14/15 fault=False line=0.6316 263.199s
[Lang-57 run1] complete (complete) tests=32/32 fault=True line=0.8354 266.789s
[Lang-62 run1] complete (complete) tests=34/34 fault=False line=0.4232 268.083s
[Lang-58 run1] complete (complete) tests=220/220 fault=False line=0.8966 284.286s
[Lang-56 run1] complete (complete) tests=162/162 fault=False line=0.7888 289.905s
[Lang-63 run1] complete (complete) tests=57/57 fault=True line=0.9286 282.528s
[Lang-59 run1] complete (complete) tests=277/277 fault=False line=0.872 296.28s
[Lang-64 run1] complete (complete) tests=8/8 fault=False line=0.1667 271.142s
[Lang-60 run1] complete (complete) tests=276/276 fault=True line=0.8354 305.231s
[Lang-61 run1] complete (complete) tests=264/264 fault=False line=0.8354 306.924s
[Lang-65 run1] complete (complete) tests=123/123 fault=False line=0.8513 325.76s
[Math-7 run1] no_generated_tests (no_callable_methods) tests=0/0 fault=None line=None 362.832s
[Math-4 run1] complete (complete) tests=27/27 fault=False line=0.3571 515.365s
[Math-2 run1] complete (complete) tests=79/79 fault=False line=1.0 520.938s
[Math-1 run1] complete (complete) tests=202/202 fault=True line=0.9341 536.359s
[Math-3 run1] complete (complete) tests=181/181 fault=False line=0.8765 530.715s
[Math-6 run1] complete (complete) tests=94/94 fault=False line=0.1287 514.555s
[Math-5 run1] complete (complete) tests=177/177 fault=True line=0.969 526.798s
[Math-8 run1] complete (complete) tests=29/29 fault=False line=0.2 490.725s
[Math-9 run1] complete (complete) tests=21/21 fault=False line=0.2391 481.983s
[Math-10 run1] complete (complete) tests=171/171 fault=False line=0.5823 498.259s
[Math-11 run1] complete (complete) tests=38/38 fault=False line=0.4915 479.112s
[Math-13 run1] complete (complete) tests=33/33 fault=True line=0.5185 463.756s
[Math-12 run1] complete (complete) tests=41/42 fault=False line=0.7917 486.926s
[Math-14 run1] complete (complete) tests=28/28 fault=True line=0.6471 461.778s
[Math-20 run1] complete (complete) tests=8/8 fault=False line=0.066 424.838s
[Math-18 run1] complete (complete) tests=8/8 fault=False line=0.0647 446.143s
[Math-15 run1] complete (complete) tests=298/298 fault=False line=0.8791 474.752s
[Math-21 run1] complete (complete) tests=11/11 fault=False line=0.7885 435.558s
[Math-19 run1] complete (complete) tests=8/8 fault=False line=0.0659 439.846s
[Math-22 run1] complete (complete) tests=149/149 fault=True line=0.9767 432.841s
[Math-23 run1] complete (complete) tests=15/15 fault=False line=0.2231 432.567s
[Math-16 run1] complete (complete) tests=298/298 fault=False line=0.9016 478.327s
[Math-24 run1] complete (complete) tests=15/15 fault=False line=0.225 404.028s
[Math-31 run1] no_generated_tests (no_callable_methods) tests=0/0 fault=None line=None 258.122s
[Math-25 run1] complete (complete) tests=4/4 fault=False line=0.0851 392.059s
[Math-28 run1] complete (complete) tests=9/9 fault=False line=0.1899 377.143s
[Math-44 run1] no_generated_tests (no_callable_methods) tests=0/0 fault=None line=None 247.701s
[Math-30 run1] complete (complete) tests=12/12 fault=False line=1.0 378.55s
[Math-26 run1] complete (complete) tests=157/157 fault=False line=0.9617 399.915s
[Math-17 run1] complete (complete) tests=80/91 fault=False line=0.484 720.54s
[Math-29 run1] complete (complete) tests=173/173 fault=False line=0.8847 388.133s
[Math-32 run1] complete (complete) tests=26/26 fault=True line=0.8817 380.959s
[Math-33 run1] complete (complete) tests=87/87 fault=False line=0.3405 386.393s
[Math-35 run1] complete (complete) tests=23/23 fault=True line=1.0 373.149s
[Math-34 run1] complete (complete) tests=60/60 fault=True line=0.88 384.456s
[Math-27 run1] complete (complete) tests=58/58 fault=False line=0.8033 457.168s
[Math-38 run1] complete (complete) tests=3/3 fault=False line=0.0067 379.126s
[Math-39 run1] complete (complete) tests=33/33 fault=False line=0.2897 377.646s
[Math-37 run1] complete (complete) tests=176/176 fault=True line=0.9682 387.831s
[Math-36 run1] complete (complete) tests=172/172 fault=False line=0.9739 410.958s
[Math-43 run1] complete (complete) tests=78/78 fault=False line=0.849 369.09s
[Math-40 run1] complete (complete) tests=45/45 fault=False line=0.6667 381.012s
[Math-42 run1] complete (complete) tests=87/87 fault=False line=0.3443 375.178s
[Math-41 run1] complete (complete) tests=73/73 fault=False line=0.8929 379.083s
[Math-46 run1] complete (complete) tests=171/171 fault=True line=0.9604 376.756s
[Math-45 run1] complete (complete) tests=74/74 fault=True line=0.3918 400.759s
[Math-47 run1] complete (complete) tests=175/175 fault=True line=0.9652 390.714s
[Math-48 run1] complete (complete) tests=26/26 fault=False line=0.7671 383.187s
[Math-49 run1] complete (complete) tests=177/177 fault=False line=0.8651 390.961s
[Math-57 run1] complete (complete) tests=8/8 fault=False line=0.2 331.901s
[Math-51 run1] complete (complete) tests=24/24 fault=False line=0.7465 360.623s
[Math-52 run1] complete (complete) tests=88/88 fault=False line=0.327 359.537s
[Math-50 run1] complete (complete) tests=28/28 fault=False line=0.8133 367.293s
[Math-53 run1] complete (complete) tests=160/160 fault=False line=0.9588 357.62s
[Math-56 run1] complete (complete) tests=45/45 fault=False line=0.8 353.388s
[Math-55 run1] complete (complete) tests=156/156 fault=False line=0.8621 359.566s
[Math-58 run1] complete (complete) tests=4/4 fault=False line=0.1146 324.967s
[Math-59 run1] complete (complete) tests=44/44 fault=True line=0.5378 333.34s
[Math-60 run1] complete (complete) tests=60/60 fault=True line=0.8511 331.177s
[Math-54 run1] complete (complete) tests=66/66 fault=False line=0.4819 430.976s
[Math-68 run1] complete (complete) tests=6/6 fault=False line=0.0904 324.826s
[Math-62 run1] complete (complete) tests=21/21 fault=False line=0.5319 336.6s
[Math-64 run1] complete (complete) tests=7/7 fault=False line=0.0994 335.346s
[Math-67 run1] complete (complete) tests=26/26 fault=False line=0.4301 328.402s
[Math-66 run1] complete (complete) tests=4/4 fault=True line=0.2451 331.736s
[Math-65 run1] complete (complete) tests=34/34 fault=False line=0.4271 337.132s
[Math-61 run1] complete (complete) tests=55/55 fault=True line=1.0 349.418s
[Math-69 run1] complete (complete) tests=57/57 fault=False line=0.7467 322.595s
[Math-70 run1] complete (complete) tests=22/22 fault=False line=0.5217 318.062s
[Math-63 run1] complete (complete) tests=229/229 fault=False line=0.8687 401.702s
[Math-71 run1] complete (complete) tests=47/47 fault=False line=0.4315 322.674s
[Math-72 run1] complete (complete) tests=23/23 fault=False line=0.1121 325.458s
[Math-73 run1] complete (complete) tests=23/23 fault=False line=0.1154 333.791s
[Math-78 run1] complete (complete) tests=25/25 fault=False line=0.4111 320.017s
[Math-74 run1] complete (complete) tests=40/40 fault=False line=0.4508 331.654s
[Math-75 run1] complete (complete) tests=71/71 fault=False line=0.8358 329.654s
[Math-76 run1] complete (complete) tests=24/24 fault=False line=0.2239 329.402s
[Math-80 run1] complete (complete) tests=64/64 fault=False line=0.5205 324.472s
[Math-77 run1] complete (complete) tests=277/277 fault=True line=0.7822 343.392s
[Math-82 run1] complete (complete) tests=7/7 fault=False line=0.2 312.54s
[Math-83 run1] complete (complete) tests=33/33 fault=False line=0.071 313.466s
[Math-81 run1] complete (complete) tests=64/64 fault=False line=0.5199 328.701s
[Math-79 run1] complete (complete) tests=214/214 fault=False line=0.8929 343.782s
[Math-84 run1] complete (complete) tests=4/4 fault=False line=0.3235 303.313s
[Math-86 run1] complete (complete) tests=17/17 fault=False line=0.2759 295.352s
[Math-89 run1] complete (complete) tests=56/56 fault=True line=0.8796 294.558s
[Math-90 run1] complete (complete) tests=49/49 fault=True line=0.8774 291.99s
[Math-87 run1] complete (complete) tests=33/33 fault=False line=0.0724 299.149s
[Math-85 run1] complete (complete) tests=9/9 fault=False line=0.2105 301.194s
[Math-88 run1] complete (complete) tests=33/33 fault=False line=0.0724 303.28s
[Math-95 run1] complete (complete) tests=36/36 fault=True line=1.0 244.047s
[Math-92 run1] complete (complete) tests=173/173 fault=True line=0.9091 307.721s
[Math-93 run1] complete (complete) tests=163/163 fault=True line=0.8319 305.411s
[Math-94 run1] complete (complete) tests=99/99 fault=True line=0.7156 294.713s
[Math-91 run1] complete (complete) tests=56/56 fault=False line=0.7239 365.761s
[Math-96 run1] complete (complete) tests=77/77 fault=False line=0.9437 232.367s
[Math-97 run1] complete (complete) tests=8/8 fault=False line=0.0225 214.541s
[Math-101 run1] complete (complete) tests=67/67 fault=False line=0.9231 248.225s
[Math-98 run1] complete (complete) tests=263/263 fault=False line=0.6797 255.493s
[Math-100 run1] complete (complete) tests=29/29 fault=False line=0.5616 257.734s
[Math-105 run1] complete (complete) tests=25/25 fault=False line=0.9014 240.505s
[Math-99 run1] complete (complete) tests=182/182 fault=True line=0.8439 276.313s
[Math-102 run1] complete (complete) tests=61/61 fault=True line=0.991 277.582s
[Math-103 run1] complete (complete) tests=43/43 fault=True line=1.0 268.059s
[Math-104 run1] complete (complete) tests=30/30 fault=True line=0.9574 270.86s
[Math-106 run1] complete (complete) tests=13/13 fault=False line=0.2456 275.597s
[Mockito-12 run1] complete (complete) tests=2/2 fault=False line=0.3333 332.137s
[Mockito-13 run1] complete (complete) tests=15/15 fault=False line=0.5 347.907s
[Mockito-14 run1] complete (complete) tests=50/51 fault=False line=0.6981 349.401s
[Mockito-15 run1] complete (complete) tests=3/3 fault=False line=0.3077 343.867s
[Mockito-17 run1] complete (complete) tests=41/41 fault=False line=0.6393 353.17s
[Mockito-16 run1] complete (complete) tests=107/107 fault=True line=0.8942 368.202s
[Mockito-27 run1] complete (complete) tests=24/24 fault=False line=0.4048 399.307s
[Mockito-28 run1] complete (complete) tests=4/4 fault=False line=0.2 398.354s
[Mockito-29 run1] complete (complete) tests=12/12 fault=True line=0.9333 395.519s
[Mockito-30 run1] complete (complete) tests=119/119 fault=True line=0.6964 402.556s
[Mockito-23 run1] complete (complete) tests=7/7 fault=False line=0.1818 782.206s
[Mockito-22 run1] complete (complete) tests=20/20 fault=False line=1.0 791.783s
[Mockito-24 run1] complete (complete) tests=7/7 fault=False line=0.5227 785.823s
[Mockito-25 run1] complete (complete) tests=7/7 fault=False line=0.2174 656.143s
[Mockito-26 run1] complete (complete) tests=12/12 fault=False line=1.0 650.97s
[Mockito-31 run1] complete (complete) tests=2/2 fault=False line=0.1579 358.903s
[Mockito-32 run1] complete (complete) tests=7/7 fault=False line=0.3913 360.498s
[Mockito-34 run1] complete (complete) tests=20/20 fault=False line=0.3947 335.679s
[Mockito-33 run1] complete (complete) tests=24/24 fault=False line=0.3778 362.079s
[Mockito-35 run1] complete (complete) tests=49/49 fault=True line=1.0 333.852s
[Mockito-36 run1] complete (complete) tests=26/26 fault=False line=0.0857 337.099s
[Mockito-37 run1] complete (complete) tests=3/3 fault=False line=0.2222 336.306s
[Time-1 run1] complete (complete) tests=151/151 fault=True line=0.6478 300.145s
[Mockito-38 run1] complete (complete) tests=6/6 fault=False line=0.3889 324.849s
[Time-3 run1] complete (complete) tests=89/89 fault=False line=0.5378 299.447s
[Time-2 run1] complete (complete) tests=151/151 fault=True line=0.6566 311.319s
[Mockito-2 run1] complete (complete) tests=4/4 fault=True line=1.0 1535.509s
[Mockito-1 run1] complete (complete) tests=22/22 fault=False line=0.2459 1590.789s
[Mockito-8 run1] complete (complete) tests=37/37 fault=False line=0.4046 1556.263s
[Mockito-3 run1] complete (complete) tests=21/21 fault=False line=0.2787 1565.792s
[Mockito-5 run1] complete (complete) tests=16/16 fault=False line=0.5278 1565.527s
[Mockito-9 run1] complete (complete) tests=2/2 fault=False line=1.0 1555.069s
[Mockito-4 run1] complete (complete) tests=153/153 fault=False line=0.707 1579.868s
[Mockito-6 run1] complete (complete) tests=65/65 fault=False line=1.0 1579.781s
[Mockito-7 run1] complete (complete) tests=37/37 fault=False line=0.4138 1583.496s
[Mockito-11 run1] complete (complete) tests=10/10 fault=True line=1.0 1568.369s
[Mockito-10 run1] complete (complete) tests=7/7 fault=False line=0.0952 1578.487s
[Time-4 run1] complete (complete) tests=152/152 fault=False line=0.5968 307.688s
[Time-5 run1] complete (complete) tests=180/180 fault=True line=0.9682 307.409s
[Time-6 run1] complete (complete) tests=100/100 fault=True line=0.5319 320.309s
[Time-7 run1] complete (complete) tests=83/83 fault=False line=0.4375 312.287s
[Time-10 run1] complete (complete) tests=19/19 fault=False line=0.493 309.888s
[Time-8 run1] complete (complete) tests=154/154 fault=False line=0.7831 334.379s
[Time-9 run1] complete (complete) tests=156/156 fault=True line=0.7977 330.933s
[Time-22 run1] no_generated_tests (no_callable_methods) tests=0/0 fault=None line=None 191.644s
[Mockito-18 run1] complete (complete) tests=7/7 fault=False line=0.5227 1583.8s
[Mockito-19 run1] complete (complete) tests=11/11 fault=True line=0.3514 1580.956s
[Mockito-21 run1] complete (complete) tests=8/8 fault=False line=1.0 1564.031s
[Time-11 run1] complete (complete) tests=54/54 fault=True line=0.201 298.5s
[Mockito-20 run1] complete (complete) tests=8/8 fault=False line=0.35 1579.078s
[Time-12 run1] complete (complete) tests=226/226 fault=False line=0.6973 311.165s
[Time-13 run1] complete (complete) tests=57/57 fault=False line=0.2872 286.798s
[Time-14 run1] complete (complete) tests=21/21 fault=False line=0.0614 269.277s
[Time-15 run1] complete (complete) tests=81/81 fault=True line=0.96 266.945s
[Time-16 run1] complete (complete) tests=83/83 fault=False line=0.4396 269.009s
[Time-18 run1] complete (complete) tests=98/98 fault=False line=0.5233 262.43s
[Time-17 run1] complete (complete) tests=160/160 fault=False line=0.7726 272.359s
[Time-24 run1] complete (complete) tests=46/46 fault=False line=0.6042 234.855s
[Time-20 run1] complete (complete) tests=139/139 fault=False line=0.2594 259.334s
[Time-19 run1] complete (complete) tests=166/166 fault=False line=0.7318 262.132s
[Time-25 run1] complete (complete) tests=163/163 fault=False line=0.7713 234.134s
[Time-23 run1] complete (complete) tests=158/158 fault=False line=0.7953 239.89s
[Time-26 run1] complete (complete) tests=158/158 fault=False line=0.6173 230.81s
[Time-27 run1] complete (complete) tests=57/57 fault=False line=0.2851 177.495s
Summary: runs 854 | bugs 854 evaluated 844 detected 165 | FDR 0.1955 | line 0.4681 | branch 0.3508 | method 0.6856 | {'complete': 844, 'no_generated_tests': 7, 'validation_failed': 3}
Done: all jobs finished
